
Subroutine FCKTES in file abacus/herdirect.F was already defined in file abacus/herdirect.F
Subroutine CC3_ABMATT3ZU in file cc/cc3_fbmatt3zu.F was already defined in file cc/cc3_abmatt3zu.F
Subroutine CC3_AMATT3ZU in file cc/cc3_fbmatt3zu.F was already defined in file cc/cc3_abmatt3zu.F
Subroutine CC3_AMATT3ZUVIR in file cc/cc3_fbmatt3zu.F was already defined in file cc/cc3_abmatt3zu.F
Subroutine CC3_AMATT3ZUOCC in file cc/cc3_fbmatt3zu.F was already defined in file cc/cc3_abmatt3zu.F
Subroutine CC3_BMATT3ZU in file cc/cc3_fbmatt3zu.F was already defined in file cc/cc3_abmatt3zu.F
Subroutine CCSDT_T3AM in file cc/cc_fop3.F was already defined in file cc/cc3_trip.F
Subroutine CCSD_DIIS in file cc/ccsd_diis.F was already defined in file cc/ccsd_diis.F
Subroutine LUS in file cc/ccsd_diis.F was already defined in file cc/ccsd_diis.F
Subroutine LU in file cc/ccsd_diis.F was already defined in file cc/ccsd_diis.F
Subroutine SMXPY in file cc/ccsd_diis.F was already defined in file cc/ccsd_diis.F
Subroutine SXMPY in file cc/ccsd_diis.F was already defined in file cc/ccsd_diis.F
Subroutine F04ATF in file cc/ccsd_diis.F was already defined in file cc/ccsd_diis.F
Subroutine CCSDT_GMAT_NODDY in file cc/ccsdt_g_noddy.F was already defined in file cc/cc_gmat.F
Subroutine CCSDT_TRAN1 in file cc/ccsd_triple.F was already defined in file cc/cc_fop3.F
Subroutine CCSDT_TRAN2 in file cc/ccsd_triple.F was already defined in file cc/cc_fop3.F
Subroutine CCSDT_OMEGA1 in file cc/ccsd_triple.F was already defined in file cc/cc_fop3.F
Subroutine CCSDT_TRAN3 in file cc/ccsd_triple.F was already defined in file cc/cc_fop3.F
Subroutine DGEEV in file pdpack/gp_lapack.F was already defined in file cc/cc_lanczos_dgeev_zgeev.F
Subroutine DSPTRI in file pdpack/linextra.F was already defined in file pdpack/gp_lapack.F
Subroutine DSPCON in file pdpack/linextra.F was already defined in file pdpack/gp_lapack.F
Subroutine POLVAL in file rsp/rspc8.F was already defined in file dft/dft_grid.F
Subroutine INVMAT in file rsp/rspc8.F was already defined in file gp/gplucia.F
Subroutine BNDINV in file rsp/rspc8.F was already defined in file gp/gplucia.F
Subroutine OUTPACK in file soppa/so_res_cbt.F was already defined in file soppa/so_res_cb.F
Subroutine SQUAREXT in file soppa/so_tmltr.F was already defined in file soppa/so_pertd2.F
Subroutine DFTLTR in file srdft/dftaux_srdft.F was already defined in file dft/dft_old.F
Subroutine DFTEXC in file srdft/dftdrv_srdft.F was already defined in file dft/dft_old.F
Subroutine DFTDRV in file srdft/dftdrv_srdft.F was already defined in file dft/dft_old.F
Subroutine DFTATR in file srdft/dftdrv_srdft.F was already defined in file dft/dft_old.F
Subroutine DFTATX in file srdft/dftdrv_srdft.F was already defined in file dft/dft_old.F
Subroutine DFTLND in file srdft/dftdrv_srdft.F was already defined in file dft/dft_old.F
Subroutine DFTSOL in file srdft/dftdrv_srdft.F was already defined in file dft/dft_old.F
Subroutine DFTSO1 in file srdft/dftdrv_srdft.F was already defined in file dft/dft_old.F
Subroutine POLPRI in file tools/purevibcme.F was already defined in file abacus/abadip.F
Subroutine HEADER in file tools/purevibcme.F was already defined in file gp/gptrygve.F
Subroutine TITLER in file tools/purevibcme.F was already defined in file gp/gptrygve.F
Subroutine DZERO in file tools/purevibcme.F was already defined in file pdpack/linextra.F